4a000000 T _start
4a000020 t _undefined_instruction
4a000024 t _software_interrupt
4a000028 t _prefetch_abort
4a00002c t _data_abort
4a000030 t _not_used
4a000034 t _irq
4a000038 t _fiq
4a00003c t _pad
4a000040 T _TEXT_BASE
4a000040 T _end_vect
4a000044 T _bss_start_ofs
4a000048 T _image_copy_end_ofs
4a00004c T _bss_end_ofs
4a000050 T _end_ofs
4a000054 T IRQ_STACK_START_IN
4a000058 t reset
4a000070 t call_board_init_f
4a000080 T relocate_code
4a00008c t stack_setup
4a0000ac t copy_loop
4a0000dc t fixloop
4a000100 t fixabs
4a000114 t fixrel
4a00011c t fixnext
4a000130 t _rel_dyn_start_ofs
4a000134 t _rel_dyn_end_ofs
4a000138 t _dynsym_start_ofs
4a00013c t clear_bss
4a000154 t clbss_l
4a000164 t jump_2_ram
4a00018c t _board_init_r_ofs
4a000190 t cpu_init_crit
4a0001e0 t undefined_instruction
4a000240 t software_interrupt
4a0002a0 t prefetch_abort
4a000300 t data_abort
4a000360 t not_used
4a0003c0 t irq
4a000420 t fiq
4a000480 t v7_maint_dcache_all
4a000580 t v7_dcache_maint_range
4a000648 T invalidate_dcache_all
4a00065c T flush_dcache_all
4a000670 T invalidate_dcache_range
4a000694 T flush_dcache_range
4a0006b8 T arm_init_before_mmu
4a0006e0 T flush_cache
4a0006e8 T invalidate_icache_all
4a000700 T __v7_outer_cache_enable
4a000700 W v7_outer_cache_enable
4a000704 T __v7_outer_cache_disable
4a000704 W v7_outer_cache_disable
4a000708 T __v7_outer_cache_flush_all
4a000708 W v7_outer_cache_flush_all
4a00070c T __v7_outer_cache_inval_all
4a00070c W v7_outer_cache_inval_all
4a000710 T __v7_outer_cache_flush_range
4a000710 W v7_outer_cache_flush_range
4a000714 T __v7_outer_cache_inval_range
4a000714 W v7_outer_cache_inval_range
4a000718 T save_boot_params_default
4a000718 W save_boot_params
4a00071c T cleanup_before_linux
4a00073c T sdelay
4a000748 T sr32
4a00076c T wait_on_value
4a0007a0 T timer_init
4a0007c0 T get_timer_masked
4a00081c T get_timer
4a000830 T __udelay
4a00088c T get_ticks
4a00089c T get_tbclk
4a0008a4 T tick_printf
4a0008a8 T stick_printf
4a0008ec T print_boot_type
4a000968 T print_cpuinfo
4a000980 T watchdog_init
4a000994 T clock_init
4a00099c T gpio_init
4a0009a0 T sdram_init
4a0009a8 T get_base
4a0009b4 T is_running_in_sdram
4a0009cc T s_init
4a0009e0 T reset_cpu
4a0009fc T enable_caches
4a000a00 T sunxi_key_init
4a000a8c T sunxi_read_key
4a000aac T sunxi_check_recovery
4a000b24 T sunxi_check_fastboot
4a000b9c T sunxi_key_hexdump
4a000c18 T do_key_test
4a000c50 t fastboot_bulk_endpoint_reset
4a000d34 t ReadDataStatusComplete
4a000d7c t WriteDataStatusComplete.constprop.4
4a000dd4 t fastboot_resume
4a0016d4 T fastboot_shutdown
4a001728 T fastboot_is_highspeed
4a001744 T fastboot_fifo_size
4a001760 T fastboot_poll
4a001ae8 T fastboot_tx_status
4a001bf0 T fastboot_tx
4a001bf4 T fastboot_getvar
4a001bfc T fastboot_preboot
4a001c04 T close_usb_clock
4a001c28 T fastboot_init
4a001e34 T _unsparse
4a00200c T do_unsparse
4a002064 t calc_crc32.constprop.0
4a0020fc T sunxi_partition_get_total_num
4a002124 T sunxi_partition_get_name
4a00214c T sunxi_partition_get_offset
4a0021b4 T sunxi_partition_get_size
4a00221c T sunxi_partition_get_offset_byname
4a0022b8 T sunxi_partition_get_size_byname
4a002354 T sunxi_partition_get_info_byname
4a002418 T sunxi_partition_init
4a0025e8 t null_irq_hdle
4a0025ec T irq_request
4a002604 T irq_free
4a002624 T irq_enable
4a002668 T irq_disable
4a0026ac T gic_sgi_handler
4a0026b0 T gic_ppi_handler
4a0026b4 T gic_spi_handler
4a0026dc T gic_clear_pending
4a002700 T gic_irq_handler
4a002744 T init_gic
4a0028a4 t _test_str_length
4a0028d4 t sw_cfg_get_subkey
4a002964 T sw_cfg_get_int
4a002994 T sw_cfg_get_str
4a0029e4 T script_parser_init_early
4a002a04 T script_parser_init
4a002a30 T script_parser_exit
4a002a48 T script_parser_fetch
4a002c70 T script_parser_patch
4a002eb4 T script_parser_fetch_ex
4a003108 T script_parser_subkey_count
4a0031b4 T script_parser_mainkey_count
4a0031d0 T script_parser_mainkey_get_gpio_count
4a0032b8 T script_parser_mainkey_get_gpio_cfg
4a003424 T sw_gpio_init
4a00342c T gpio_exit
4a003434 T gpio_request
4a0038a4 T gpio_request_ex
4a003944 T gpio_release
4a003b3c T gpio_get_all_pin_status
4a003dd4 T gpio_get_one_pin_status
4a003f3c T gpio_set_one_pin_status
4a0040e0 T gpio_set_one_pin_io_status
4a0041a8 T gpio_set_one_pin_pull
4a004270 T gpio_set_one_pin_driver_level
4a004338 T gpio_read_one_pin_value
4a004400 T gpio_write_one_pin_value
4a0044e0 T USBC_GetVbusStatus
4a004514 T USBC_OTG_SelectMode
4a004518 T USBC_ReadLenFromFifo
4a004544 T USBC_WritePacket
4a0045b0 T USBC_ReadPacket
4a00461c T USBC_ConfigFIFO_Base
4a004654 T USBC_GetPortFifoStartAddr
4a004684 T USBC_GetPortFifoSize
4a0046a8 T USBC_SelectFIFO
4a0046b8 T __USBC_ConfigFifo_TxEp
4a00470c T __USBC_ConfigFifo_RxEp_Default
4a00471c T __USBC_ConfigFifo_RxEp
4a004770 T USBC_ConfigFifo_Default
4a0047a8 T USBC_ConfigFifo
4a0047e4 T USBC_GetLastFrameNumber
4a0047f4 T USBC_GetStatus_Dp
4a00480c T USBC_GetStatus_Dm
4a004824 T USBC_GetStatus_DpDm
4a004848 T USBC_GetOtgMode_Form_ID
4a004870 T USBC_GetOtgMode_Form_BDevice
4a004888 T USBC_SelectBus
4a0048d0 T USBC_INT_EpPending
4a00490c T USBC_INT_ClearEpPending
4a004960 T USBC_INT_ClearEpPendingAll
4a004998 T USBC_INT_MiscPending
4a0049ac T USBC_INT_ClearMiscPending
4a0049c0 T USBC_INT_ClearMiscPendingAll
4a0049d4 T USBC_INT_EnableEp
4a004a30 T USBC_INT_EnableUsbMiscUint
4a004a4c T USBC_INT_DisableEp
4a004a98 T USBC_INT_DisableUsbMiscUint
4a004ab0 T USBC_INT_DisableEpAll
4a004ae0 T USBC_INT_DisableUsbMiscAll
4a004af4 T USBC_GetActiveEp
4a004b08 T USBC_SelectActiveEp
4a004b18 T USBC_EnhanceSignal
4a004b1c T USBC_EnterMode_TestPacket
4a004b34 T USBC_EnterMode_Test_K
4a004b4c T USBC_EnterMode_Test_J
4a004b64 T USBC_EnterMode_Test_SE0_NAK
4a004b7c T USBC_EnterMode_Idle
4a004bc8 T USBC_SetWakeUp_Default
4a004bcc T USBC_EnableIdPullUp
4a004be4 T USBC_DisableIdPullUp
4a004bfc T USBC_EnableDpDmPullUp
4a004c14 T USBC_DisableDpDmPullUp
4a004c2c T USBC_ForceId
4a004c64 T USBC_ForceVbusValid
4a004cac T USBC_A_valid_InputSelect
4a004cb0 T USBC_EnableUsbLineStateBypass
4a004cb4 T USBC_DisableUsbLineStateBypass
4a004cb8 T USBC_EnableHosc
4a004cd0 T USBC_DisableHosc
4a004ce4 T USBC_IsVbusChange
4a004d00 T USBC_IsIdChange
4a004d1c T USBC_IsDpDmChange
4a004d38 T USBC_DisableWakeIrq
4a004d4c T USBC_DisableVbusChange
4a004d60 T USBC_DisableIdChange
4a004d74 T USBC_DisableDpDmChange
4a004d88 T USBC_EnableWakeIrq
4a004da0 T USBC_EnableVbusChange
4a004db8 T USBC_EnableIdChange
4a004dd0 T USBC_EnableDpDmChange
4a004de8 T USBC_TestMode_ReadReg
4a004e28 T USBC_PrintAllReg
4a005184 T USBC_open_otg
4a0051c8 T USBC_close_otg
4a0051f0 T USBC_init
4a00522c T USBC_exit
4a005270 T USBC_Dev_SetAddress_default
4a005284 T USBC_Dev_SetAddress
4a005294 T USBC_Dev_QueryTransferMode
4a0052b4 T USBC_Dev_ConfigTransferMode
4a005324 T USBC_Dev_ConectSwitch
4a005348 T USBC_Dev_QueryPowerStatus
4a00535c T USBC_Dev_ConfigEp
4a005468 T USBC_Dev_ConfigEp_Default
4a0054d0 T USBC_Dev_ConfigEpDma
4a005528 T USBC_Dev_ClearEpDma
4a005588 T USBC_Dev_IsEpStall
4a0055d0 T USBC_Dev_EpSendStall
4a005638 T USBC_Dev_EpClearStall
4a0056e0 T USBC_Dev_Ctrl_IsSetupEnd
4a0056f4 T USBC_Dev_Ctrl_ClearSetupEnd
4a00570c T USBC_Dev_WriteDataStatus
4a005790 T USBC_Dev_ReadDataStatus
4a005814 T USBC_Dev_IsReadDataReady
4a005854 T USBC_Dev_IsWriteDataReady
4a005890 T USBC_Host_SetFunctionAddress_Deafult
4a0058ec T USBC_Host_SetFunctionAddress
4a005974 T USBC_Host_SetHubAddress_Deafult
4a0059a4 T USBC_Host_SetHubAddress
4a0059ec T USBC_Host_SetHPortAddress_Deafult
4a005a1c T USBC_Host_SetHPortAddress
4a005a44 T USBC_Host_QueryTransferMode
4a005a64 T USBC_Host_ConfigTransferMode
4a005a98 T USBC_Host_ResetPort
4a005ab0 T USBC_Host_ClearResetPortFlag
4a005ac8 T USBC_Host_RusumePort
4a005ae0 T USBC_Host_ClearRusumePortFlag
4a005af8 T USBC_Host_SuspendPort
4a005b10 T USBC_Host_QueryPowerStatus
4a005b24 T USBC_Host_StartSession
4a005b3c T USBC_Host_EndSession
4a005b54 T USBC_Host_PeripheralType
4a005b74 T USBC_Host_FlushFifo
4a005bbc T USBC_Host_ConfigEp_Default
4a005c40 T USBC_Host_ConfigEp
4a005da0 T USBC_Host_ConfigEpDma
4a005de4 T USBC_Host_ClearEpDma
4a005e34 T USBC_Host_IsEpNakTimeOut
4a005e78 T USBC_Host_ClearEpNakTimeOut
4a005ed0 T USBC_Host_IsEpError
4a005f24 T USBC_Host_ClearEpError
4a005f8c T USBC_Host_IsEpStall
4a005fd8 T USBC_Host_ClearEpStall
4a006044 T USBC_Host_ClearEpCSR
4a006080 T USBC_Host_IsReadDataReady
4a0060c0 T USBC_Host_IsWriteDataReady
4a006108 T USBC_Host_ReadDataStatus
4a0061a8 T USBC_Host_WriteDataStatus
4a00622c T USBC_Host_IsReqPktSet
4a00626c T USBC_Host_StartInToken
4a0062b0 T USBC_Host_StopInToken
4a006300 T USBC_Host_ConfigRqPktCount
4a006318 T USBC_Host_ClearRqPktCount
4a00632c T USBC_Host_EnablePing
4a00634c T USBC_Host_DisablePing
4a006364 T USBC_Host_SendCtrlStatus
4a006388 T USBC_Host_SendSetupPkt
4a0063a0 t usb_phy0_write.constprop.0
4a0063d4 T USBC_PHY_SetCommonConfig
4a0063d8 T USBC_PHY_SetPrivateConfig
4a0063dc T USBC_PHY_GetCommonConfig
4a0063e4 T USBC_phy_Standby
4a006438 T USBC_Phy_Standby_Recover
4a00643c t _TEXT_BASE
4a006440 T lowlevel_init
4a00645c t SRAM_STACK
4a006460 T sunxi_pre_clean
4a006460 T sunxi_reset
4a006470 t _loop_forever
4a006478 t display_banner
4a006498 t init_baudrate
4a0064e8 T __coloured_LED_init
4a0064e8 W coloured_LED_init
4a0064ec T __red_LED_on
4a0064ec W red_LED_on
4a0064f0 T __red_LED_off
4a0064f0 W red_LED_off
4a0064f4 T __green_LED_on
4a0064f4 W green_LED_on
4a0064f8 T __green_LED_off
4a0064f8 W green_LED_off
4a0064fc T __yellow_LED_on
4a0064fc W yellow_LED_on
4a006500 T __yellow_LED_off
4a006500 W yellow_LED_off
4a006504 T __blue_LED_on
4a006504 W blue_LED_on
4a006508 T __blue_LED_off
4a006508 W blue_LED_off
4a00650c T __dram_init_banksize
4a006528 T board_init_r
4a006764 T hang
4a006778 T board_init_f
4a0068a4 t setup_start_tag
4a0068dc t setup_memory_tags
4a006914 t setup_initrd_tag.isra.0
4a00694c t setup_commandline_tag.isra.2
4a0069c0 T arch_lmb_reserve
4a0069e4 T do_bootm_linux
4a006ad0 T do_boota_linux
4a006bb4 T __flush_cache
4a006bb8 T __flush_dcache_all
4a006bc4 T __enable_caches
4a006bd0 t cp_delay
4a006c00 t cache_enable
4a006cbc t cache_disable
4a006cf4 T __arm_init_before_mmu
4a006cf8 T icache_enable
4a006d00 T icache_disable
4a006d08 T icache_status
4a006d1c T dcache_enable
4a006d24 T dcache_disable
4a006d2c T dcache_status
4a006d40 T interrupt_init
4a006d5c T enable_interrupts
4a006d60 T disable_interrupts
4a006d68 T bad_mode
4a006d78 T show_regs
4a006eb8 T do_undefined_instruction
4a006ed8 T do_software_interrupt
4a006ef8 T do_prefetch_abort
4a006f18 T do_data_abort
4a006f38 T do_not_used
4a006f58 T do_fiq
4a006f78 T do_irq
4a006f98 T do_reset
4a006fc8 W do_go_exec
4a006fe0 T do_go
4a007050 T do_boota
4a00717c t __fswab32
4a007198 T do_bootd
4a0071bc t do_bootm_rtems
4a0071f8 t do_bootm_netbsd
4a007338 t image_get_size
4a007340 t bootm_load_os.isra.9
4a00749c t bootm_start.isra.8
4a007820 T __arch_preboot_os
4a007820 W arch_preboot_os
4a007824 T do_bootm_subcommand
4a007a68 T do_bootm
4a007cfc T bootm_maybe_autostart
4a007d70 T do_exit
4a007da0 t reset_handler
4a007dd0 t memparse
4a007e38 t set_env
4a007e6c t save_env
4a007fe0 t parse_env.constprop.1
4a008218 T fastboot_flash_add_ptn
4a008254 T fastboot_flash_dump_ptn
4a0082a4 T fastboot_flash_find_ptn
4a008328 t rx_handler
4a008ed4 T fastboot_flash_get_ptn
4a008ef8 T do_fastboot
4a0094e0 T fastboot_flash_get_ptn_count
4a0094f0 T do_fat_fsinfo
4a0095c8 T do_fat_ls
4a0096d0 T do_fat_fsdown
4a009840 T do_fat_fsload
4a0099c0 T do_help
4a009a04 T do_mem_base
4a009a44 T do_mem_mtest
4a009be4 T do_mem_loop
4a009cd8 T do_mem_md
4a009db0 T do_mem_crc
4a009e58 T do_mem_cp
4a009f38 T do_mem_cmp
4a00a0c4 T do_mem_mw
4a00a180 t mod_mem.part.4
4a00a2bc T do_mem_nm
4a00a2d4 T do_mem_mm
4a00a2ec T do_mmcops
4a00a724 T do_mmcinfo
4a00a8bc t nand_print_info
4a00a918 T do_nandboot
4a00ac18 t arg_off_size
4a00ae70 T do_nand
4a00b800 t do_env
4a00b860 t do_env_delete
4a00b878 t do_env_import
4a00bac8 t do_env_default
4a00bb10 T do_env_save
4a00bb3c t env_print
4a00bbd4 T do_env_print
4a00bc58 T get_env_id
4a00bc68 T _do_env_set
4a00c018 T do_env_set
4a00c034 T setenv
4a00c080 t do_env_export
4a00c29c T envmatch
4a00c300 T getenv_f
4a00c3bc T getenv
4a00c428 T do_sunxi_flash
4a00c550 T do_false
4a00c558 T do_true
4a00c560 T do_test
4a00c9cc T do_version
4a00ca04 T find_cmd_tbl
4a00caa0 T find_cmd
4a00cac8 T cmd_usage
4a00cb24 T _do_help
4a00cca8 T var_complete
4a00cd30 T cmd_auto_complete
4a00d1ac T cmd_get_data_size
4a00d1fc t console_setfile
4a00d2a0 T serial_printf
4a00d2e0 T fgetc
4a00d30c T ftstc
4a00d338 T fputc
4a00d360 T fputs
4a00d388 T fprintf
4a00d3d0 T getc
4a00d3e8 T tstc
4a00d400 T putc
4a00d41c T puts
4a00d438 T printf
4a00d478 T vprintf
4a00d4ac T ctrlc
4a00d4f8 T disable_ctrlc
4a00d510 T had_ctrlc
4a00d520 T clear_ctrlc
4a00d534 T dbg
4a00d540 T search_device
4a00d568 T console_assign
4a00d5a8 T console_init_f
4a00d5b8 T stdio_print_current_devices
4a00d66c T console_init_r
4a00d754 T sbrk
4a00d7b0 T mem_malloc_init
4a00d7d4 T malloc_trim
4a00d8a4 T free
4a00dac8 T cfree
4a00dacc T malloc
4a00e09c T calloc
4a00e170 T memalign
4a00e280 T pvalloc
4a00e298 T valloc
4a00e2a4 T realloc
4a00e6ac T malloc_usable_size
4a00e6e8 T mallopt
4a00e75c T env_get_addr
4a00e780 T env_get_char_memory
4a00e790 T env_get_char
4a00e7c4 T set_default_env
4a00e868 T env_import
4a00e938 T env_relocate
4a00e968 T env_complete
4a00ea4c t flash_env_relocate_spec
4a00ead4 t flash_saveenv
4a00eba0 T env_get_char_spec
4a00ebac T env_init
4a00ebc8 T saveenv
4a00ebd8 T env_relocate_spec
4a00ebdc t dummy
4a00ebe0 T get_version
4a00ebe8 T jumptable_init
4a00ed78 t b_reset
4a00ed94 t static_get
4a00edb0 t static_peek
4a00edbc t file_peek
4a00edc8 t syntax_err
4a00edd4 T do_showvar
4a00eec4 t free_pipe_list
4a00efa4 t b_addchr
4a00f01c t b_addqchr
4a00f068 t is_assignment.part.0
4a00f098 t xmalloc
4a00f0b8 t file_get
4a00f270 t xrealloc
4a00f290 t done_command
4a00f318 T simple_itoa
4a00f370 T get_local_var
4a00f400 t insert_var_value
4a00f534 T set_local_var
4a00f6f0 T unset_local_var
4a00f790 T new_pipe
4a00f7b8 t done_pipe
4a00f800 T reserved_word
4a00f958 t done_word
4a00fac4 T mapset
4a00fae8 T update_ifs_map
4a00fb58 T parse_string_outer
4a00fc48 t run_list_real
4a010464 t parse_stream_outer
4a010a44 T parse_file_outer
4a010a88 T u_boot_hush_start
4a010adc t __fswab32
4a010af8 t image_check_magic
4a010b1c t image_get_data_size
4a010b24 T image_check_hcrc
4a010b74 T image_check_dcrc
4a010bb0 T image_multi_count
4a010bd4 T image_multi_getimg
4a010c58 T getenv_yesno
4a010c80 T getenv_bootm_low
4a010cb0 T getenv_bootm_size
4a010d0c T getenv_bootm_mapsize
4a010d3c T memmove_wd
4a010d48 T genimg_print_size
4a010d78 T get_table_entry_name
4a010da4 T genimg_get_os_name
4a010dbc T genimg_get_arch_name
4a010dd4 T genimg_get_type_name
4a010dec T genimg_get_comp_name
4a010e04 T image_print_contents
4a010f7c T get_table_entry_id
4a010fc8 T genimg_get_os_id
4a010fe0 T genimg_get_arch_id
4a010ff8 T genimg_get_type_id
4a011010 T genimg_get_comp_id
4a011028 T genimg_get_format
4a01103c T genimg_get_image
4a011040 T genimg_has_config
4a011048 T boot_get_ramdisk
4a011278 T boot_ramdisk_high
4a011398 T boot_get_cmdline
4a011418 t delete_char.part.0
4a0114ec t cread_add_char
4a0115d8 T __show_boot_progress
4a0115d8 W show_boot_progress
4a0115dc T main_loop
4a0116e4 T readline_into_buffer
4a01200c T readline
4a012028 T parse_line
4a0120b4 T run_command
4a012460 T do_run
4a0124d4 T get_ram_size
4a0125dc t hex1_bin
4a012614 t hex2_bin
4a012648 T srec_decode
4a0128b0 T stdio_get_list
4a0128bc T stdio_get_by_name
4a012910 T stdio_clone
4a012958 T stdio_register
4a01299c T stdio_init
4a012a24 T CYGACC_COMM_IF_GETC_TIMEOUT
4a012a70 t xyzModem_flush
4a012a98 t xyzModem_get_hdr
4a012d0c T CYGACC_COMM_IF_PUTC
4a012d14 T parse_num
4a012e30 T xyzModem_stream_open
4a012f7c T xyzModem_stream_read
4a0131cc T xyzModem_stream_close
4a01321c T xyzModem_stream_terminate
4a0132b0 T xyzModem_error
4a0132d0 T get_dev
4a013330 T dev_print
4a013548 T init_part
4a013564 T get_partition_info
4a01358c T print_part
4a013674 t le32_to_int
4a013698 t is_extended
4a0136bc t get_partition_info_extended
4a0138f4 t print_partition_extended
4a013af8 T test_part_dos
4a013b60 T print_part_dos
4a013b8c T get_partition_info_dos
4a013ba8 T DMA_Request
4a013c30 T DMA_Release
4a013c54 T DMA_Setting
4a013d68 T DMA_Start
4a013d8c T DMA_Stop
4a013da4 T DMA_Restart
4a013dbc T DMA_QueryStatus
4a013dcc T DMA_QueryChannalNo
4a013dd4 t __fswab32
4a013df0 T __board_mmc_getcd
4a013df0 W board_mmc_getcd
4a013df8 T mmc_send_cmd
4a013e08 T mmc_send_status
4a013ecc T mmc_set_blocklen
4a013f04 T find_mmc_device
4a013f48 t mmc_berase
4a0140bc t mmc_bwrite
4a014254 T mmc_read_blocks
4a014334 t mmc_bread
4a0143d8 T mmc_go_idle
4a01442c T sd_send_op_cond
4a014588 T mmc_send_op_cond
4a0146f0 T mmc_send_ext_csd
4a014744 T mmc_switch
4a0147a0 T mmc_change_freq
4a014850 T mmc_switch_part
4a01488c T sd_switch
4a0148fc T sd_change_freq
4a014ad8 T mmc_set_ios
4a014ae8 T mmc_set_clock
4a014b14 T mmc_set_bus_width
4a014b28 T mmc_startup
4a015158 T mmc_send_if_cond
4a0151d8 T mmc_register
4a015260 T mmc_get_dev
4a015274 T mmc_init
4a01532c W cpu_mmc_init
4a01532c t __def_mmc_init
4a015334 T print_mmc_devices
4a015398 T get_mmc_num
4a0153a8 T mmc_initialize
4a0153fc t mmc_update_clk
4a01545c t mmc_core_init
4a015474 t mmc_send_cmd
4a0159b4 T ccm_get_pll5_dev_clk
4a015a00 T ccm_get_pll6_dev_clk
4a015a38 T smc_set_card_clk
4a015b58 t mmc_set_ios
4a015bf4 T sunxi_mmc_init
4a015dfc T nand_init
4a015ea8 t nand_release_device
4a015ec0 t nand_read_byte
4a015ed4 t nand_read_byte16
4a015ee8 t nand_read_word
4a015ef8 t nand_write_buf
4a015f24 t nand_read_buf
4a015f50 t nand_verify_buf
4a015f94 t nand_write_buf16
4a015fc4 t nand_read_buf16
4a015ff0 t nand_verify_buf16
4a016034 t nand_block_bad
4a016124 t nand_check_wp
4a016160 t nand_read_page_raw
4a016198 t nand_read_page_raw_syndrome
4a01626c t nand_read_page_swecc
4a016380 t nand_read_subpage
4a0165f8 t nand_read_page_hwecc
4a016730 t nand_read_page_hwecc_oob_first
4a016864 t nand_read_page_syndrome
4a01698c t nand_read_oob_std
4a0169d4 t nand_read_oob_syndrome
4a016adc t nand_write_oob_std
4a016b4c t nand_write_oob_syndrome
4a016d00 t nand_write_page_raw
4a016d34 t nand_write_page_raw_syndrome
4a016e04 t nand_write_page_swecc
4a016eb4 t nand_write_page_hwecc
4a016f74 t nand_write_page_syndrome
4a017068 t single_erase_cmd
4a0170a4 t multi_erase_cmd
4a01712c t nand_sync
4a01713c t nand_block_checkbad
4a0171bc t nand_block_isbad
4a0171ec t nand_block_markbad
4a017228 t nand_write_page
4a0172d0 t nand_fill_oob
4a0173d8 t nand_do_write_oob
4a017588 t nand_do_write_ops
4a017858 t nand_write_oob
4a0178fc t nand_write
4a017980 t nand_default_block_markbad
4a017a6c t nand_wait
4a017b40 t generic_ffs.part.0
4a017b84 t nand_select_chip
4a017bdc t nand_transfer_oob
4a017ce4 T nand_wait_ready
4a017d30 t nand_do_read_ops
4a018134 t nand_read_oob
4a0183e0 t nand_read
4a018464 t nand_command
4a018634 t nand_command_lp
4a018894 T nand_erase_nand
4a018c7c t nand_erase
4a018c84 T nand_scan_ident
4a01928c T nand_scan_tail
4a019814 T nand_scan
4a019838 T nand_release
4a019860 t check_pattern
4a019914 t scan_read_raw
4a01995c t create_bbt
4a019c34 t search_bbt
4a019e68 t read_bbt
4a01a09c t read_abs_bbt
4a01a190 t write_bbt
4a01a7e0 T nand_update_bbt
4a01a91c t mark_bbt_region
4a01aaa8 T nand_scan_bbt
4a01af68 T nand_default_bbt
4a01b01c T nand_isbad_bbt
4a01b070 T nand_calculate_ecc
4a01b160 T nand_correct_data
4a01b284 t nand_block_bad_scrub
4a01b28c t check_skip_len
4a01b31c T nand_erase_opts
4a01b67c T nand_write_skip_bad
4a01b860 T nand_read_skip_bad
4a01ba60 T board_nand_init
4a01ba70 T sunxi_nand_read_opts
4a01bac4 T sunxi_nand_write_opts
4a01bb18 T sunxi_nand_erase_opts
4a01bb20 T sunxi_nand_flush_opts
4a01bb30 T NS16550_init
4a01bb7c T NS16550_reinit
4a01bbcc T NS16550_putc
4a01bbe0 T NS16550_getc
4a01bbf8 T NS16550_tstc
4a01bc04 t calc_divisor.isra.0
4a01bc28 T serial_init
4a01bc94 T _serial_putc
4a01bccc T _serial_putc_raw
4a01bce8 T _serial_puts
4a01bd10 T _serial_getc
4a01bd2c T _serial_tstc
4a01bd40 T _serial_setbrg
4a01bd68 T serial_putc
4a01bd74 T serial_putc_raw
4a01bd80 T serial_puts
4a01bd8c T serial_getc
4a01bd98 T serial_tstc
4a01bda4 T serial_setbrg
4a01bdb0 t sunxi_flash_null_read
4a01bdb8 t sunxi_flash_null_write
4a01bdc0 t sunxi_flash_null_get_size
4a01bdcc t sunxi_flash_null_exit
4a01bdd4 t sunxi_flash_mmc_read
4a01be18 t sunxi_flash_mmc_write
4a01be5c t sunxi_flash_mmc_get_size
4a01be74 t sunxi_flash_mmc_exit
4a01be7c t sunxi_flash_nand_exit
4a01be80 t sunxi_flash_nand_get_size
4a01be90 t sunxi_flash_nand_write
4a01becc t sunxi_flash_nand_read
4a01bf08 T sunxi_flash_handle_init
4a01c01c t dirdelim
4a01c050 T downcase
4a01c074 T disk_read
4a01c0c8 T fat_register_device
4a01c1d8 T get_name
4a01c29c T get_fatent
4a01c3ec T get_cluster
4a01c488 T get_contents
4a01c60c T slot2str
4a01c6d8 T get_vfatname
4a01c89c T mkcksum
4a01c8cc T read_bootsectandvi
4a01c9bc T do_fat_read
4a01d28c T file_fat_detectfs
4a01d3e4 T file_fat_ls
4a01d3f4 T file_fat_read
4a01d42c t set_name
4a01d558 t disk_write
4a01d5e4 t flush_fat_buffer
4a01d62c t get_fatent_value
4a01d798 t set_fatent_value
4a01d890 t set_cluster
4a01d924 t set_contents
4a01dae8 t flush_dir_table.constprop.5
4a01dbcc t do_fat_write
4a01e60c T file_fat_write
4a01e640 T file_getfsname
4a01e658 T file_cd
4a01e850 T file_detectfs
4a01e88c T file_ls
4a01e910 T file_read
4a01e9a4 T crc7
4a01e9d4 T cyg_crc16
4a01ea1c T crc32_no_comp
4a01eafc T crc32
4a01eb10 T crc32_wd
4a01eb14 T display_options
4a01eb34 T print_size
4a01ec78 T print_buffer
4a01ede4 T zfree
4a01edec T zalloc
4a01edfc T zunzip
4a01ef04 T gunzip
4a01efb0 t cmpkey
4a01efc4 T hcreate_r
4a01f070 T hdestroy_r
4a01f0e4 T hstrstr_r
4a01f190 T hmatch_r
4a01f230 T hsearch_r
4a01f520 T hdelete_r
4a01f5a8 T hexport_r
4a01f7c4 T himport_r
4a01fa04 t lmb_add_region
4a01fbcc T lmb_dump_all
4a01fbd0 T lmb_init
4a01fbf8 T lmb_add
4a01fbfc T lmb_free
4a01fd20 T lmb_reserve
4a01fd28 T lmb_overlaps_region
4a01fd84 T __lmb_alloc_base
4a01feb4 T lmb_alloc_base
4a01fee8 T lmb_alloc
4a01fef0 T lmb_is_reserved
4a01ff50 T __board_lmb_reserve
4a01ff50 W board_lmb_reserve
4a01ff54 T __arch_lmb_reserve
4a01ff58 T ldiv
4a01ffa8 T string_to_ip
4a020018 T qsort
4a0200e8 T strcmp_compar
4a0200f4 T strmhz
4a020160 T __div64_32
4a02024c T strcpy
4a020264 T strncpy
4a020288 T strcat
4a0202b4 T strncat
4a020308 T strcmp
4a020330 T strncmp
4a020374 T strchr
4a0203a8 T strlen
4a0203c8 T strrchr
4a020404 T strnlen
4a020430 T strdup
4a020464 T strspn
4a0204a4 T strpbrk
4a0204e0 T strtok
4a020558 T strsep
4a02058c T strswab
4a0205d8 T memset
4a020648 T bcopy
4a020670 T memcpy
4a0206dc T memmove
4a020748 T memcmp
4a02077c T memscan
4a0207a8 T strstr
4a020808 T memchr
4a020838 T udelay
4a020868 t string
4a020904 t put_dec
4a020b34 t number
4a020da4 T simple_strtoul
4a020e50 T strict_strtoul
4a020ec8 T simple_strtol
4a020ef0 T ustrtoul
4a020f64 T simple_strtoull
4a021064 T vsprintf
4a0214b4 T sprintf
4a0214d8 T panic
4a02151c T __assert_fail
4a021530 T zcfree
4a021538 T zcalloc
4a021540 T inflate_fast
4a021aec T inflate_table
4a0220c0 T inflateReset
4a022140 T inflateInit2_
4a022248 T inflateInit_
4a02225c T inflateEnd
4a0222c8 T adler32
4a0225c0 T inflate
4a023c3c T nand_write_uboot
4a023c70 T nand_read_uboot
4a023ca4 T nand_get_dev
4a023cc4 T nand_erase_uboot
4a023e58 T nand_init_uboot
4a023eb8 T NAND_PhyRead
4a023ebc T NAND_PhyRead_Seq
4a023ec0 T NAND_PhyRead_1K
4a023ec4 T NAND_PhyWrite
4a023ec8 T NAND_PhyWrite_1K
4a023ecc T NAND_PhyWrite_Seq
4a023ed0 T NAND_PhyErase
4a023ed4 T NAND_PhyInit
4a023f84 T NAND_PhyExit
4a023f94 T NAND_LogicWrite
4a023f98 T NAND_LogicRead
4a023f9c T NAND_Init
4a024048 T NAND_Exit
4a02406c T NAND_HWScanStart
4a0240dc T NAND_HWScanStop
4a0240f8 T NAND_VersionGet
4a024120 T NAND_VersionCheck
4a02428c T NAND_EraseBootBlocks
4a0242f0 T NAND_EraseChip
4a0246fc T NAND_BadBlockScan
4a024aa0 T NAND_RequestDMA
4a024abc T NAND_ReleaseDMA
4a024adc T NAND_DMAConfigStart
4a024be0 T NAND_QueryDmaStat
4a024bf0 T NAND_WaitDmaFinish
4a024bf8 T NAND_ClkRequest
4a024c00 T NAND_ClkRelease
4a024c04 T NAND_AHBEnable
4a024c20 T NAND_AHBDisable
4a024c38 T NAND_ClkEnable
4a024c54 T NAND_ClkDisable
4a024c6c T _GetCmuClk
4a024ca0 T NAND_SetClk
4a024d10 T NAND_GetClk
4a024d38 T NAND_PIORequest
4a024d64 T NAND_PIORelease
4a024d68 T NAND_Malloc
4a024d6c T NAND_Free
4a024d70 T OSAL_IrqUnLock
4a024d74 T OSAL_IrqLock
4a024d78 T NAND_WaitRbReady
4a024d80 T NAND_IORemap
4a024d84 T NAND_Print
4a024da4 t _calc_crc32.constprop.0
4a024e3c T sunxi_nand_getpart_num
4a024e64 T sunxi_nand_getpart_name
4a024e8c T sunxi_nand_getpart_offset
4a024ee8 T sunxi_nand_getpart_size
4a024f44 T sunxi_nand_getpart_offset_byname
4a024fd4 T sunxi_nand_getpart_size_byname
4a025064 T sunxi_nand_getpart_info_byname
4a025120 T sunxi_nand_scan_partition
4a0252cc t _GetFreeBlkFromDieInfo
4a025340 T _CalculatePhyOpPar
4a025478 t _VirtualBlockErase
4a02552c t _VirtualPageWrite
4a0256e8 t _WriteBadBlkFlag
4a025868 t _VirtualPageRead
4a0259e8 t _GetEccFlag
4a025a20 t _GetLogAge
4a025a5c t _GetLastUsedPage
4a025de8 t _MergeDataBlkToFreeBlk
4a025f04 t _VirtualFreeBlockCheck
4a026078 t _RebuildZoneTbls
4a028888 T FMT_Init
4a028e78 T FMT_Exit
4a028e80 T FMT_FormatNand
4a029270 T ClearNandStruct
4a029284 t _CalculateSectPar
4a029434 t _MergeCachePageData
4a0294ec T LML_CalculatePhyOpPar
4a029624 t _CloseWritePage
4a0296e8 T LML_VirtualPageRead
4a029850 T LML_VirtualPageWrite
4a029a00 T LML_VirtualBlkErase
4a029ac8 T LML_PageRead
4a029d88 T LML_PageWrite
4a02a230 t _WritePageCacheToNand
4a02a340 T LML_FlushPageCache
4a02a380 T LML_Read
4a02a604 T LML_Write
4a02a86c T LML_Init
4a02aa20 T LML_Exit
4a02aa98 T NAND_GetDiskSize
4a02aae0 T NAND_SetPartInfo
4a02ac30 t _GetTblCheckSum
4a02ac58 t _write_back_page_map_tbl
4a02b1f8 t _write_back_block_map_tbl
4a02b5c8 T dump
4a02b66c T PMM_InitMapTblCache
4a02b700 T PMM_ExitMapTblCache
4a02b744 T BMM_InitMapTblCache
4a02b854 T BMM_ExitMapTblCache
4a02b8a8 T BMM_SwitchMapTbl
4a02bbdc T BMM_WriteBackAllMapTbl
4a02bc68 T BMM_SetDirtyFlag
4a02bd24 T PMM_SwitchMapTbl
4a02c2c0 T BMM_RleaseLogBlock
4a02c404 T BMM_MergeAllLogBlock
4a02c530 T BMM_DumpMap
4a02c638 t _CalLogAccessCnt
4a02c69c t _GetLogBlkPst
4a02c6e4 T PMM_CalNextLogPage
4a02c790 T BMM_GetDataBlk
4a02c800 T BMM_SetDataBlk
4a02c880 T BMM_GetFreeBlk
4a02c990 T BMM_SetFreeBlk
4a02ca08 T BMM_SetLogBlk
4a02ca70 T BMM_CalLogBlkType
4a02cae8 t _GetLogPageForWrite
4a02d2fc T BMM_GetLogBlk
4a02d500 T PMM_GetLogPage
4a02d770 T PMM_ClearCurMapTbl
4a02d7a0 T PMM_GetCurMapPage
4a02d7c0 T PMM_SetCurMapPage
4a02d7e0 T _copy_page0
4a02d9cc T _log2data_swap_merge
4a02dbbc T _free2log_move_merge
4a02e310 T _free2data_simple_merge
4a02e87c T _get_page_map_tbl_info
4a02e948 T LML_MergeLogBlk
4a02e9d4 T LML_ReadReclaim
4a02ead0 T nand_calc_crc32
4a02eb64 T _get_mbr
4a02ebf4 T _free_mbr
4a02ec24 T mbr2disks
4a02ec8c T NAND_PartInit
4a02ee64 T _cal_block_in_chip
4a02ef0c T _read_single_page_seq
4a02f108 T _read_single_page_1K
4a02f2ec T _read_single_page_spare
4a02f908 T PHY_SimpleRead_Seq
4a02f910 T PHY_SimpleRead_1K
4a02f918 T PHY_BlockErase
4a02fab0 T _read_sectors
4a02fffc T _two_plane_read
4a030270 T PHY_PageRead
4a0304c0 T _cal_addr_in_chip_for_spare
4a030584 T _read_sectors_for_spare
4a030d64 T PHY_PageReadSpare
4a030f94 T PHY_FreePageCheck
4a031064 T PHY_PageWrite
4a031278 T _single_copy_back
4a031440 T _multi_copy_back
4a0317c4 T PHY_PageCopyback
4a0318f0 T PHY_ScanDDRParam
4a031a20 T PHY_ReadNandUniqueId
4a031af4 T _add_cmd_list
4a031b2c T _cal_addr_in_chip
4a031bec T _cal_real_chip
4a031cf4 T _cal_real_rb
4a031d78 T _read_status
4a031e00 T _wait_rb_ready
4a031e38 T _wait_rb_ready_int
4a031e70 T _pending_dma_irq_sem
4a031e74 T _random_seed_init
4a031e78 T _cal_random_seed
4a031e90 T PHY_Init
4a031f00 T PHY_GetDefaultParam
4a032170 T PHY_SetDefaultParam
4a0321b4 T PHY_ChangeMode
4a0322a0 T PHY_ResetChip
4a032350 T _read_single_page
4a032834 T PHY_ReadNandId
4a0328a8 T PHY_CheckWp
4a032904 T _pending_rb_irq_sem
4a032908 T _do_irq
4a03290c T PHY_SimpleRead
4a032914 T PHY_SynchBank
4a032a90 T dumy_read
4a032b0c T PHY_Exit
4a032bec T _write_signle_page
4a032d94 T _write_signle_page_seq
4a032f3c T _write_signle_page_1K
4a0330ac T _erase_single_block
4a033170 T PHY_SimpleWrite
4a0331f0 T PHY_SimpleWrite_Seq
4a033270 T PHY_SimpleWrite_1K
4a0332f0 T PHY_SimpleErase
4a033358 T NAND_GetPageSize
4a03336c T NAND_GetLogicPageSize
4a033388 T NAND_GetPageCntPerBlk
4a033398 T NAND_GetBlkCntPerChip
4a0333b0 T NAND_GetChipCnt
4a0333c0 T NAND_GetChipConnect
4a0333d0 T NAND_GetBadBlockFlagPos
4a0333d8 T NAND_GetReadRetryType
4a0333e8 T NAND_GetValidBlkRatio
4a0333f8 T NAND_SetValidBlkRatio
4a033414 T NAND_GetFrequencePar
4a033424 T NAND_SetFrequencePar
4a03343c T NAND_GetNandVersion
4a033448 T NAND_GetParam
4a033504 T NAND_GetFlashInfo
4a033548 T _SearchNandArchi
4a033748 T SCN_AnalyzeNandSystem
4a033b8c t _MarkBadBlk
4a033cc4 T LML_BadBlkManage
4a033e40 T NFC_InitDDRParam
4a033e54 T nfc_repeat_mode_enable
4a033e7c T nfc_repeat_mode_disable
4a033ea4 T _wait_cmdfifo_free
4a033ef4 T _wait_cmd_finish
4a033f58 T _dma_config_start
4a033f5c T _wait_dma_end
4a033fa8 T _reset
4a034004 T _check_ecc
4a0340d4 T _disable_ecc
4a0340f0 T _enable_ecc
4a034124 T _enter_nand_critical
4a03412c T _exit_nand_critical
4a034134 T _set_addr
4a034190 T _read_in_page_mode
4a0342c4 T NFC_Read
4a0342e8 T nfc_set_cmd_register
4a03438c T NFC_SetRandomSeed
4a0343b4 T NFC_RandomEnable
4a0343d4 T NFC_RandomDisable
4a0343f4 T NFC_GetId
4a034458 T NFC_GetStatus
4a0344a4 T NFC_ResetChip
4a0344c8 T NFC_SelectChip
4a034500 T NFC_SelectRb
4a034528 T NFC_DeSelectChip
4a034530 T NFC_DeSelectRb
4a034538 T NFC_CheckRbReady
4a034560 T NFC_ChangMode
4a034670 T NFC_SetEccMode
4a034698 T NFC_Init
4a034760 T NFC_Exit
4a034794 T _vender_get_param
4a034838 T _vender_set_param
4a034ad8 T _vender_pre_condition
4a034b7c T _vender_get_param_otp_hynix
4a034e48 T NFC_ReadRetry
4a0351dc T NFC_ReadRetryInit
4a03558c T NFC_GetOTPValue
4a0355c8 T NFC_GetDefaultParam
4a0356dc T NFC_SetDefaultParam
4a03592c T NFC_ReadRetry_off
4a03597c T NFC_ReadRetryExit
4a035984 T NFC_RbIntEnable
4a0359a0 T NFC_RbIntDisable
4a0359bc T NFC_RbIntClearStatus
4a0359d4 T NFC_RbIntGetStatus
4a0359ec T NFC_RbIntOccur
4a035a0c T NFC_GetRbSelect
4a035a28 T NFC_GetRbStatus
4a035a64 T NFC_DmaIntEnable
4a035a80 T NFC_DmaIntDisable
4a035a9c T NFC_DmaIntClearStatus
4a035ab4 T NFC_DmaIntGetStatus
4a035acc T NFC_DmaIntOccur
4a035af8 T _wait_twb
4a035afc T NFC_GetUniqueId
4a035b68 T NFC_Write
4a035cb0 T NFC_Write_Seq
4a035e38 T NFC_Write_1K
4a035fb0 T NFC_Erase
4a035fe8 T NFC_CopyBackRead
4a036020 T NFC_CopyBackWrite
4a036058 T _read_in_page_mode_seq
4a0361e4 T _read_in_page_mode_1K
4a036354 T _read_in_page_mode_spare
4a036478 T NFC_Read_Seq
4a0364cc T NFC_Read_1K
4a036520 T NFC_Read_Spare
4a036574 T NFC_LSBInit
4a036690 T LSB_GetDefaultParam
4a0366d8 T LSB_SetDefaultParam
4a0366f0 T NFC_LSBEnable
4a03674c T NFC_LSBDisable
4a036768 T NFC_LSBExit
4a0367ec T fastboot_flash_partition_init
4a036a30 T fastboot_partition_init
4a036a34 T android_misc_flash_check
4a036c3c T check_android_misc
4a036c40 T set_boot_type_arg
4a036c6c T board_init
4a036c9c T board_late_init
4a036cb4 T dram_init_banksize
4a036d18 T dram_init
4a036d38 T board_mmc_init
4a036d54 T mmc_get_env_addr
4a036d74 T checkboard
4a036d8c T raise
4a036da8 T __aeabi_unwind_cpp_pr0
4a036db0 T __udivsi3
4a036db0 t .udivsi3_skip_div0_test
4a036db0 t __aeabi_uidiv
4a03700c t __aeabi_uidivmod
4a037028 T __divsi3
4a037028 t __aeabi_idiv
4a03702e t .divsi3_skip_div0_test
4a0372bc t __aeabi_idivmod
4a0372d8 T __lshrdi3
4a0372d8 t __aeabi_llsr
4a0372f0 T __ashrdi3
4a0372f0 t __aeabi_lasr
4a03730c T __ashldi3
4a03730c t __aeabi_llsl
4a037324 W __aeabi_ldiv0
4a037324 t __aeabi_idiv0
4a0373b0 r boot_os
4a037434 r __func__.3003
4a037444 r baudrate_table
4a037458 r __func__.2969
4a037468 V version_string
4a0374aa r CSWTCH.29
4a0374c0 R default_environment
4a03797a r __func__.2704
4a03798a r __func__.2711
4a037995 r __func__.3599
4a0379a4 r uimage_os
4a0379f8 r uimage_arch
4a037adc r uimage_type
4a037ba8 r uimage_comp
4a037bf0 r erase_seq
4a037bf4 r tab_seq
4a037c00 r CSWTCH.13
4a037c20 r block_drvr
4a037c38 r multipliers
4a037c78 r fbase
4a037c88 r default_nand_name
4a037c8d r __FUNCTION__.3909
4a037c9b r __FUNCTION__.3331
4a037cac r __FUNCTION__.3672
4a037cbe r __func__.4044
4a037cd2 r __FUNCTION__.4077
4a037ce1 r nand_ecc_precalc_table
4a037de4 R nand_manuf_ids
4a037e34 R nand_flash_ids
4a03829c r serial_ports
4a0382bc r filesystems
4a0382d4 R crc7_syndrome_table
4a0383d4 r crc16_tab
4a0385d4 r crc_table
4a0389d4 r names.2673
4a0389da R _ctype
4a038ada r digits.2661
4a038aea R hex_asc
4a038afc r lext.2900
4a038b3a r lbase.2899
4a038b78 r dext.2902
4a038bb8 r dbase.2901
4a038bf8 r lenfix
4a0393f8 r distfix
4a039478 r order.2995
4a0394a0 R z_errmsg
4a0394d4 r __FUNCTION__.3090
4a0394ec r CSWTCH.2
4a0394ef r CSWTCH.4
4a0394f6 R random_seed
4a039600 R param0x30low
4a039640 R param0x30high
4a039690 R param0x31
4a0396c6 R para0
4a0396f6 R para1
4a039726 R para0x10
4a039730 R para0x20
4a0397a8 R param0x40
4a0397bc R param0x50
4a0397ca r __func__.2664
4a0397e0 r CSWTCH.6
4a0397e3 r CSWTCH.2
4a0397e6 r CSWTCH.4
4a0397e9 r CSWTCH.6
4a0397ec r __FUNCTION__.3209
4a0397f5 r __FUNCTION__.3249
4a039807 r __FUNCTION__.3256
4a039819 r __FUNCTION__.3022
4a0431c8 D mmc_card_no
4a0431cc d script_mod_buf
4a0431d0 d script_main_key_count
4a0431d4 D init_sequence
4a043200 d cmd_bootm_sub
4a0432c4 d interface
4a0432e4 d static_pcount
4a0432e8 d dp_last_length
4a0432ec d curr_device
4a0432f0 d cmd_env_sub
4a0433d0 d env_id
4a0433d4 D load_addr
4a0433d8 d av_
4a0437e0 d sbrk_base
4a0437e4 d trim_threshold
4a0437e8 d mmap_threshold
4a0437f0 D env_offset
4a0437f8 D env_size
4a0437fc D env_name_spec
4a043800 d reserved_list
4a043884 d hist_cur
4a043888 D stdio_names
4a043894 D dma_channal
4a043994 d cur_dev_num
4a043998 D nand_curr_device
4a04399c d nand_oob_8
4a043be4 d nand_oob_16
4a043e2c d nand_oob_64
4a044074 d nand_oob_128
4a0442bc d largepage_flashbased
4a0442e0 d smallpage_flashbased
4a044304 d largepage_memorybased
4a044328 d smallpage_memorybased
4a04434c d bbt_main_descr
4a044370 d bbt_mirror_descr
4a044394 d agand_flashbased
4a0443b8 d bbt_pattern
4a0443bc d mirror_pattern
4a0443c0 d scan_agand_pattern
4a0443c6 d scan_ff_pattern
4a0443c8 d cur_part
4a0443cc D file_cwd
4a0445cc d current_filesystem
4a0445d0 D blks_array
4a044618 D DefaultNandTbl
4a044640 D SandiskNandTbl
4a044708 D PowerNandTbl
4a044758 D SpansionNandTbl
4a0447f8 D StNandTbl
4a044988 D IntelNandTbl
4a044b18 D MicronNandTbl
4a044eb0 D ToshibaNandTbl
4a045248 D HynixNandTbl
4a0457e8 D SamsungNandTbl
4a045d88 d DefualtPhysicArchiPara
4a045d98 d PhysicArchiPara0
4a045da8 d PhysicArchiPara2
4a045db8 d PhysicArchiPara4
4a045dc8 d PhysicArchiPara5
4a045dd8 d PhysicArchiPara6
4a045de8 d PhysicArchiPara7
4a045df8 d PhysicArchiPara8
4a045e08 d PhysicArchiPara9
4a045e18 d PhysicArchiPara3
4a045e28 d PhysicArchiPara1
4a045e44 A __u_boot_cmd_start
4a045e44 D __u_boot_cmd_key_test
4a045e60 D __u_boot_cmd_reset
4a045e7c D __u_boot_cmd_go
4a045e98 D __u_boot_cmd_boota
4a045eb4 D __u_boot_cmd_bootd
4a045ed0 D __u_boot_cmd_boot
4a045eec D __u_boot_cmd_bootm
4a045f08 D __u_boot_cmd_exit
4a045f24 D __u_boot_cmd_fastboot
4a045f40 D __u_boot_cmd_fatinfo
4a045f5c D __u_boot_cmd_fatls
4a045f78 D __u_boot_cmd_fatdown
4a045f94 D __u_boot_cmd_fatload
4a045fb0 D __u_boot_cmd_question_mark
4a045fcc D __u_boot_cmd_help
4a045fe8 D __u_boot_cmd_mtest
4a046004 D __u_boot_cmd_loop
4a046020 D __u_boot_cmd_base
4a04603c D __u_boot_cmd_crc32
4a046058 D __u_boot_cmd_cmp
4a046074 D __u_boot_cmd_cp
4a046090 D __u_boot_cmd_mw
4a0460ac D __u_boot_cmd_nm
4a0460c8 D __u_boot_cmd_mm
4a0460e4 D __u_boot_cmd_md
4a046100 D __u_boot_cmd_mmc
4a04611c D __u_boot_cmd_mmcinfo
4a046138 D __u_boot_cmd_nboot
4a046154 D __u_boot_cmd_nand
4a046170 D __u_boot_cmd_run
4a04618c D __u_boot_cmd_setenv
4a0461a8 D __u_boot_cmd_printenv
4a0461c4 D __u_boot_cmd_env
4a0461e0 D __u_boot_cmd_saveenv
4a0461fc D __u_boot_cmd_sunxi_flash
4a046218 D __u_boot_cmd_true
4a046234 D __u_boot_cmd_false
4a046250 D __u_boot_cmd_test
4a04626c D __u_boot_cmd_version
4a046288 D __u_boot_cmd_showvar
4a0462a4 A __image_copy_end
4a0462a4 A __u_boot_cmd_end
4a0462a4 B __bss_start
4a0462a4 B storage_type
4a0462a4 R __rel_dyn_start
4a0462a8 b udc
4a0462d0 b set_address
4a0462d4 b fastboot_fifo_ep0
4a046314 b device_strings
4a04632c b fastboot_interface
4a046330 b deferred_rx
4a046334 b fastboot_fifo_bulk_ep
4a046534 b mbr_buf
4a04a534 B irq_vector
4a04a708 b usbc_info_g
4a04a720 b usbc_otg_array
4a04a7a0 b usbc_base_address
4a04a7ac B monitor_flash_len
4a04a7b0 b params
4a04a7b8 b boot_hdr
4a04a9b8 b images
4a04aae4 b download_size
4a04aae8 b download_bytes
4a04aaec b download_bytes_unpadded
4a04aaf0 b download_error
4a04aaf4 b continue_booting
4a04aaf8 b upload_size
4a04aafc b upload_bytes
4a04ab00 b upload_error
4a04ab04 b pcount
4a04ab08 b ptable
4a04adc8 b base_address
4a04adcc b dp_last_addr
4a04add0 b dp_last_size
4a04add4 b mm_last_addr
4a04add8 b mm_last_size
4a04ade0 b last.3525
4a04ade8 b tmp_buf.2613
4a04afe8 b tmp_buf
4a04b0e8 b ctrlc_disabled
4a04b0ec b ctrlc_was_pressed
4a04b0f0 B mem_malloc_brk
4a04b0f4 B mem_malloc_start
4a04b0f8 B mem_malloc_end
4a04b0fc b current_mallinfo
4a04b124 b top_pad
4a04b128 b max_sbrked_mem
4a04b12c b max_total_mem
4a04b130 b n_mmaps_max
4a04b134 B env_htab
4a04b140 B env_ptr
4a04b144 b top_vars
4a04b148 b flag_repeat
4a04b14c b do_repeat
4a04b150 b the_command.2827
4a04b250 b local.2811
4a04b266 b buf.3025
4a04b290 B last_return_code
4a04b294 b map
4a04b394 b ifs
4a04b398 B nesting_level
4a04b39c b initted.2825
4a04b3a0 b hist_max
4a04b3a4 b hist_add_idx
4a04b3a8 B hist_num
4a04b3ac B hist_lines
4a04bffc R __dynsym_start
4a04bffc R __rel_dyn_end
4a04c0bc A _end
4a04c7c0 B hist_list
4a04c810 B console_buffer
4a04c914 b devs
4a04c950 B stdio_devices
4a04c95c b xyz
4a04cd98 b mmc_devices
4a04cda0 B mmc_host
4a04ce20 B mmc_dev
4a04d2a0 b nand_chip
4a04d3c0 B nand_info
4a04d468 b mmc
4a04d46c B sunxi_flash_read
4a04d470 B sunxi_flash_write
4a04d474 B sunxi_flash_get_size
4a04d478 B sunxi_flash_exit
4a04d47c B cur_dev
4a04d480 B part_offset
4a04d484 B get_vfatname_block
4a05d484 B do_fat_read_block
4a06d484 B get_dentfromdir_block
4a07d484 b total_sector
4a07d488 b dir_curclust
4a07d48c b empty_dentptr
4a07d490 B errno
4a07d494 B ___strtok
4a07d498 b nand_blk_dev
4a07d508 B hDMA
4a07d50c B BOOTFSMBR_buf
4a08150c b SuperBlkCntOfDie
4a081510 B lsb_page
4a081514 B DIE0_FIRST_BLK_NUM
4a081518 B DieCntOfNand
4a081520 B NandDriverInfo
4a081540 b CachePage
4a081550 b LogicalCtl
4a081574 B NandPartInfo
4a0816b4 B nand_part_cnt
4a0816b8 B nand_disk_array
4a0817a8 B ZoneTblPstInfo
4a081828 B LogicArchiPar
4a081830 B PageMapTblCachePool
4a081aa4 B BlkMapTblCachePool
4a081b64 B mbr
4a081b68 B part_secur
4a081bb8 B NandStorageInfo
4a081c14 B RetryCount
4a081c34 B PageCachePool
4a081c48 B ddr_param
4a081c68 B nand_io_base
4a081c6c B pagesize
4a081c70 B read_retry_mode
4a081c71 B read_retry_cycle
4a081c72 B read_retry_reg_num
4a081c74 B read_retry_val
4a081ef4 B read_retry_default_val
4a081f74 B read_retry_reg_adr
4a081f84 B hynix_read_retry_otp_value
4a082184 B irq_value
4a082188 B nand_board_version
4a08218c B lsb_mode_reg_num
4a08218d B lsb_mode_reg_adr
4a082195 B lsb_mode_val
4a08219d B lsb_mode_default_val
4a0821a5 b misc_message
4a0825e8 B __bss_end__
